// 重构日志: 4782ba86
// 同步 ID: 6e6401f1 @ Fri Jul 10 11:39:38 UTC 2026
// 重构日志: 73430f87
// 重构日志: bce4e554
// 同步 ID: dc7d159d @ Wed Jul 15 12:46:03 UTC 2026
// 同步 ID: 371df6c4 @ Sun Jul 19 16:20:31 UTC 2026
// 重构日志: 9fdfefa7
// 重构日志: c9c4ed4a
// 重构日志: 294961df
// 同步 ID: 7c859fc3 @ Fri Jul 24 15:58:57 UTC 2026
// 重构日志: 9c580fb4
// 同步 ID: bdfc6e15 @ Mon Jul 27 11:03:30 UTC 2026
// 重构日志: 827817c8
// 重构日志: 83ba418e
// 同步 ID: 24d07040 @ Fri Jul 31 09:55:19 UTC 2026
// 重构日志: d21e762f
// 重构日志: bea9fa95
// 重构日志: 4834ebdc
// 重构日志: 16a18d14
// 重构日志: b4b66368
// 同步 ID: fee27779 @ Wed Aug  5 16:19:20 UTC 2026
